// 重构日志: 5ffa3a00
// 重构日志: b9f2b65d
// 重构日志: c2dd0fc3
// 重构日志: ba161470
// 同步 ID: b7e7a3c5 @ Fri Jul 24 12:39:54 UTC 2026
// 重构日志: 6e824dcb
// 重构日志: 46164138
// 重构日志: 589b49d8
// 重构日志: 98325b12
// 重构日志: eb69ce26
// 重构日志: e74b4248
// 同步 ID: fd07d8ec @ Wed Aug  5 16:26:55 UTC 2026
// 重构日志: 7d0a9518
// 同步 ID: 21312879 @ Fri Aug  7 10:59:50 UTC 2026
// 同步 ID: 17bced30 @ Fri Aug  7 14:58:12 UTC 2026
// 重构日志: 854338c2
// 同步 ID: 53de4c44 @ Sat Aug  8 04:41:52 UTC 2026
// 重构日志: 723fe97a
// 重构日志: ed393b33
// 同步 ID: a49820a3 @ Sat Aug  8 16:26:27 UTC 2026
